{
  "defaults": {
    "vehicles": {
      "speed": 5
    },
    "stops": {
      "duration": 600
    }
  },
  "stops": [
    {
      "id": "Fushimi Inari Taisha",
      "location": { "lon": 135.772695, "lat": 34.967146 }
    },
    {
      "id": "Kiyomizu-dera",
      "location": { "lon": 135.78506, "lat": 34.994857 }
    },
    {
      "id": "Nij≈ç Castle",
      "location": { "lon": 135.748134, "lat": 35.014239 }
    },
    {
      "id": "Kyoto Imperial Palace",
      "location": { "lon": 135.762057, "lat": 35.025431 }
    },
    {
      "id": "Gionmachi",
      "location": { "lon": 135.775682, "lat": 35.002457 }
    },
    {
      "id": "Kinkaku-ji",
      "location": { "lon": 135.728898, "lat": 35.039705 }
    },
    {
      "id": "Arashiyama Bamboo Forest",
      "location": { "lon": 135.672009, "lat": 35.017209 }
    }
  ],
  "vehicles": [
    {
      "id": "v1"
    },
    {
      "id": "v2",
      "start_location": {
        "lon": 135.772695,
        "lat": 34.967146
      },
      "start_time": "2023-01-01T12:00:00Z"
    },
    {
      "id": "v3",
      "end_location": {
        "lon": 135.762057,
        "lat": 35.025431
      },
      "start_time": "2023-01-01T12:00:00Z",
      "end_time": "2023-01-01T12:20:00Z"
    },
    {
      "id": "v4",
      "start_location": {
        "lon": 135.775683,
        "lat": 35.002458
      },
      "end_location": {
        "lon": 135.775683,
        "lat": 35.002458
      },
      "start_time": "2023-01-01T12:00:00Z",
      "end_time": "2023-01-01T12:30:00Z"
    }
  ]
}
