{
  "defaults": {
    "stops": {
      "unplanned_penalty": 20000
    }
  },
  "stops": [
    {
      "id": "stop1",
      "location": { "lat": 51.9636, "lon": 7.6293 },
      "compatibility_attributes": ["unavailable"]
    },
    {
      "id": "stop2",
      "location": { "lat": 51.9635, "lon": 7.6439 },
      "compatibility_attributes": ["unavailable"]
    },
    {
      "id": "stop3",
      "location": { "lat": 51.9635, "lon": 7.6585 },
      "compatibility_attributes": ["unavailable"]
    }
  ],
  "vehicles": [
    {
      "id": "v1",
      "speed": 20,
      "start_time": "2023-01-01T12:00:00Z",
      "initial_stops": [{ "id": "stop1" }, { "id": "stop2" }, { "id": "stop3" }]
    }
  ]
}
