{
  "defaults": {
    "vehicles": {
      "speed": 20
    }
  },
  "stops": [
    {
      "id": "Kyoto Imperial Palace",
      "location": { "lon": 135.762057, "lat": 35.025431 },
      "start_time_window": ["2023-01-01T12:05:00Z", "2023-01-01T12:10:00Z"]
    }
  ],
  "vehicles": [
    {
      "id": "v1",
      "start_time": "2023-01-01T12:00:00Z",
      "start_location": { "lon": 135.672009, "lat": 35.017209 }
    },
    {
      "id": "v2",
      "start_time": "2023-01-01T09:00:00Z",
      "start_location": { "lon": 135.728898, "lat": 35.039705 }
    }
  ]
}
