{
  "custom": "hello world",
  "value": 621.4304640293121
}
