{
  "alternate_stops": [
    {
      "id": "Inafuku",
      "location": { "lon": 135.770104, "lat": 34.9671591 }
    },
    {
      "id": "Inari",
      "location": { "lon": 135.7666538, "lat": 34.9686029 }
    }
  ],
  "stops": [
    {
      "id": "Fushimi Inari Taisha",
      "location": { "lon": 135.772695, "lat": 34.967146 }
    },
    {
      "id": "Kiyomizu-dera",
      "location": { "lon": 135.78506, "lat": 34.994857 }
    },
    {
      "id": "Nij≈ç Castle",
      "location": { "lon": 135.748134, "lat": 35.014239 }
    },
    {
      "id": "Kyoto Imperial Palace",
      "location": { "lon": 135.762057, "lat": 35.025431 }
    },
    {
      "id": "Gionmachi",
      "location": { "lon": 135.775682, "lat": 35.002457 }
    },
    {
      "id": "Kinkaku-ji",
      "location": { "lon": 135.728898, "lat": 35.039705 }
    },
    {
      "id": "Arashiyama Bamboo Forest",
      "location": { "lon": 135.672009, "lat": 35.017209 }
    }
  ],
  "vehicles": [
    {
      "id": "v1",
      "start_location": { "lon": 135.672009, "lat": 35.017209 },
      "speed": 20,
      "alternate_stops": ["Inari", "Inafuku"]
    },
    {
      "id": "v2",
      "start_location": { "lon": 135.772695, "lat": 34.967146 },
      "speed": 20,
      "alternate_stops": ["Inafuku", "Inari"]
    }
  ]
}
