{
  "distance_matrix": [
    [0, 4300, 6700, 0, 0, 0, 0],
    [4300, 0, 4500, 0, 0, 0, 0],
    [6700, 4500, 0, 0, 0, 0, 0],
    [0, 0, 0, 0, 0, 0, 0, 0, 0],
    [0, 0, 0, 0, 0, 0, 0, 0, 0],
    [0, 0, 0, 0, 0, 0, 0, 0, 0],
    [0, 0, 0, 0, 0, 0, 0, 0, 0]
  ],
  "stops": [
    {
      "id": "Fushimi Inari Taisha",
      "location": { "lon": 135.772695, "lat": 34.967146 }
    },
    {
      "id": "Kiyomizu-dera",
      "location": { "lon": 135.78506, "lat": 34.994857 }
    },
    {
      "id": "Nij≈ç Castle",
      "location": { "lon": 135.748134, "lat": 35.014239 }
    }
  ],
  "vehicles": [
    {
      "id": "v1",
      "speed": 10
    },
    {
      "id": "v2",
      "speed": 20
    }
  ]
}
