{
  "defaults": {
    "vehicles": {
      "speed": 20,
      "start_time": "2023-01-01T12:00:00Z"
    },
    "stops": {
      "late_arrival_time_penalty": 1.5,
      "duration": 450,
      "unplanned_penalty": 2000000
    }
  },
  "stops": [
    {
      "id": "Fushimi Inari Taisha",
      "location": { "lon": 135.772695, "lat": 34.967146 },
      "target_arrival_time": "2023-01-01T12:00:00Z"
    },
    {
      "id": "Kiyomizu-dera",
      "location": { "lon": 135.78506, "lat": 34.994857 },
      "target_arrival_time": "2023-01-01T12:05:00Z"
    },
    {
      "id": "Nij≈ç Castle",
      "location": { "lon": 135.748134, "lat": 35.014239 },
      "target_arrival_time": "2023-01-01T12:10:00Z"
    },
    {
      "id": "Kyoto Imperial Palace",
      "location": { "lon": 135.762057, "lat": 35.025431 },
      "target_arrival_time": "2023-01-01T12:15:00Z"
    },
    {
      "id": "Gionmachi",
      "location": { "lon": 135.775682, "lat": 35.002457 },
      "target_arrival_time": "2023-01-01T12:20:00Z"
    },
    {
      "id": "Kinkaku-ji",
      "location": { "lon": 135.728898, "lat": 35.039705 },
      "target_arrival_time": "2023-01-01T12:25:00Z"
    },
    {
      "id": "Arashiyama Bamboo Forest",
      "location": { "lon": 135.672009, "lat": 35.017209 },
      "target_arrival_time": "2023-01-01T12:30:00Z"
    }
  ],
  "vehicles": [
    {
      "id": "v1"
    },
    {
      "id": "v2"
    }
  ]
}
