{
  "stops": [
    {
      "id": "Fushimi Inari Taisha",
      "location": { "lon": 135.772695, "lat": 34.967146 },
      "custom_data": {
        "foo": "bar",
        "baz": 0
      }
    },
    {
      "id": "Kiyomizu-dera",
      "location": { "lon": 135.78506, "lat": 34.994857 },
      "custom_data": {
        "foo": "bar",
        "baz": 1
      }
    },
    {
      "id": "Nij≈ç Castle",
      "location": { "lon": 135.748134, "lat": 35.014239 },
      "custom_data": {
        "foo": "bar",
        "baz": 2
      }
    },
    {
      "id": "Kyoto Imperial Palace",
      "location": { "lon": 135.762057, "lat": 35.025431 },
      "custom_data": {
        "foo": "bar",
        "baz": 3
      }
    },
    {
      "id": "Gionmachi",
      "location": { "lon": 135.775682, "lat": 35.002457 },
      "custom_data": {
        "foo": "bar",
        "roh": true
      }
    },
    {
      "id": "Kinkaku-ji",
      "location": { "lon": 135.728898, "lat": 35.039705 },
      "custom_data": {
        "foo": "bar",
        "roh": false
      }
    },
    {
      "id": "Arashiyama Bamboo Forest",
      "location": { "lon": 135.672009, "lat": 35.017209 }
    }
  ],
  "vehicles": [
    {
      "id": "v1",
      "start_location": { "lon": 135.672009, "lat": 35.017209 },
      "speed": 20,
      "custom_data": {
        "lorem": "ipsum",
        "dolor": "sit amet"
      }
    }
  ]
}
