{
  "defaults": {
    "vehicles": {
      "speed": 20
    }
  },
  "duration_groups": [
    {
      "group": ["Fushimi Inari Taisha", "Kiyomizu-dera"],
      "duration": 100
    },
    {
      "group": ["Gionmachi", "Kinkaku-ji"],
      "duration": 200
    },
    {
      "group": ["Arashiyama Bamboo Forest", "Nijō Castle"],
      "duration": 300
    }
  ],
  "stops": [
    {
      "id": "Fushimi Inari Taisha",
      "location": { "lon": 135.772695, "lat": 34.967146 }
    },
    {
      "id": "Kiyomizu-dera",
      "location": { "lon": 135.78506, "lat": 34.994857 }
    },
    {
      "id": "Nijō Castle",
      "location": { "lon": 135.748134, "lat": 35.014239 }
    },
    {
      "id": "Kyoto Imperial Palace",
      "location": { "lon": 135.762057, "lat": 35.025431 }
    },
    {
      "id": "Gionmachi",
      "location": { "lon": 135.775682, "lat": 35.002457 }
    },
    {
      "id": "Kinkaku-ji",
      "location": { "lon": 135.728898, "lat": 35.039705 }
    },
    {
      "id": "Arashiyama Bamboo Forest",
      "location": { "lon": 135.672009, "lat": 35.017209 }
    }
  ],
  "vehicles": [
    {
      "id": "v1",
      "start_location": {
        "lon": 135.772695,
        "lat": 34.967146
      }
    }
  ]
}
